5 * 2 = 10
-1 * 2 = -2
28 * 2 = 56
4 * 2 = 8
